I'm sorry, but errors were detected in your script. Please correct the
errors listed below, and try again.


File "game/script.rpy", line 62: Line is followed by a block, despite not being a menu choice. Did you forget a colon at the end of the line?
    "Why are you inprisoned here?" 
                                   ^

Ren'Py Version: Ren'Py 8.2.3.24061702
Thu Jul 11 12:52:46 2024
